------------------------------------------------------------
Timing Analyzer Summary
------------------------------------------------------------

Type  : Slow 1100mV 85C Model Setup 'KEY[0]'
Slack : -8.052
TNS   : -11156.742

Type  : Slow 1100mV 85C Model Setup 'CLOCK_50'
Slack : -2.499
TNS   : -2.499

Type  : Slow 1100mV 85C Model Hold 'KEY[0]'
Slack : 0.448
TNS   : 0.000

Type  : Slow 1100mV 85C Model Hold 'CLOCK_50'
Slack : 1.050
TNS   : 0.000

Type  : Slow 1100mV 85C Model Recovery 'KEY[0]'
Slack : -3.212
TNS   : -1173.142

Type  : Slow 1100mV 85C Model Removal 'KEY[0]'
Slack : 1.368
TNS   : 0.000

Type  : Slow 1100mV 85C Model Minimum Pulse Width 'KEY[0]'
Slack : -2.636
TNS   : -2501.452

Type  : Slow 1100mV 85C Model Minimum Pulse Width 'CLOCK_50'
Slack : -0.538
TNS   : -1.537

Type  : Slow 1100mV 0C Model Setup 'KEY[0]'
Slack : -7.914
TNS   : -10655.648

Type  : Slow 1100mV 0C Model Setup 'CLOCK_50'
Slack : -2.309
TNS   : -2.309

Type  : Slow 1100mV 0C Model Hold 'KEY[0]'
Slack : 0.461
TNS   : 0.000

Type  : Slow 1100mV 0C Model Hold 'CLOCK_50'
Slack : 0.733
TNS   : 0.000

Type  : Slow 1100mV 0C Model Recovery 'KEY[0]'
Slack : -3.198
TNS   : -1174.863

Type  : Slow 1100mV 0C Model Removal 'KEY[0]'
Slack : 1.376
TNS   : 0.000

Type  : Slow 1100mV 0C Model Minimum Pulse Width 'KEY[0]'
Slack : -2.636
TNS   : -2454.081

Type  : Slow 1100mV 0C Model Minimum Pulse Width 'CLOCK_50'
Slack : -0.538
TNS   : -1.593

Type  : Fast 1100mV 85C Model Setup 'KEY[0]'
Slack : -3.734
TNS   : -5191.552

Type  : Fast 1100mV 85C Model Setup 'CLOCK_50'
Slack : -1.462
TNS   : -1.462

Type  : Fast 1100mV 85C Model Hold 'KEY[0]'
Slack : 0.174
TNS   : 0.000

Type  : Fast 1100mV 85C Model Hold 'CLOCK_50'
Slack : 0.241
TNS   : 0.000

Type  : Fast 1100mV 85C Model Recovery 'KEY[0]'
Slack : -1.467
TNS   : -516.920

Type  : Fast 1100mV 85C Model Removal 'KEY[0]'
Slack : 0.701
TNS   : 0.000

Type  : Fast 1100mV 85C Model Minimum Pulse Width 'KEY[0]'
Slack : -2.174
TNS   : -770.698

Type  : Fast 1100mV 85C Model Minimum Pulse Width 'CLOCK_50'
Slack : -0.092
TNS   : -0.183

Type  : Fast 1100mV 0C Model Setup 'KEY[0]'
Slack : -3.327
TNS   : -4427.235

Type  : Fast 1100mV 0C Model Setup 'CLOCK_50'
Slack : -1.270
TNS   : -1.270

Type  : Fast 1100mV 0C Model Hold 'CLOCK_50'
Slack : 0.073
TNS   : 0.000

Type  : Fast 1100mV 0C Model Hold 'KEY[0]'
Slack : 0.132
TNS   : 0.000

Type  : Fast 1100mV 0C Model Recovery 'KEY[0]'
Slack : -1.282
TNS   : -445.877

Type  : Fast 1100mV 0C Model Removal 'KEY[0]'
Slack : 0.611
TNS   : 0.000

Type  : Fast 1100mV 0C Model Minimum Pulse Width 'KEY[0]'
Slack : -2.174
TNS   : -901.457

Type  : Fast 1100mV 0C Model Minimum Pulse Width 'CLOCK_50'
Slack : -0.093
TNS   : -0.186

------------------------------------------------------------
